root:1111
root:123qweASD#
elk_user:forensics
ubuntu:ubuntu
asteriskuser:amp109
support:symantec
amx:password
root:dasdec1
root:timeserver
db2admin:db2admin
admin:1234
root:calvin
pi:raspberry
admin:1111111
dbuser:123
postgres:postgres
root:xoa
public:publicpass
root:fai
admin:ManagementConsole2015
root:888888
nao:nao
root:cubox-i
ADONIS:BPMS
root:dottie
Administrator:admin
moves:moves
nexthink:123456
vagrant:vagrant
default:
root:666666
administrator:1234
root:linux
root:leostream
admin:avocent
root:testpw
stackato:stackato
root:max2play
root:klv123
cloudera:cloudera
root:nagiosxi
remnux:malware
root:moves
root:p@ck3tf3nc3
apc:apc
root:123
db2inst1:db2inst1
root:realtek
root:ubuntu1404
root:compass
postgres:admin
debian:debian
root:palosanto
administrator:Amx1234!
root:zlxx.
support:support
eurek:eurek
root:openmediavault
root:sipwise
admin1:password
root:000000
root:uClinux
root:123456
db2inst1:db2password
root:xmhdipc
root:system
root:stxadmin
root:D13HH[
root:hi3518
sans:training
misp:Password1234
samurai:samurai
root:openvpnas
admin:7ujMko0admin
root:unitrends1
root:plex
default:video
root:wazuh
root:(none)
666666:666666
leo:leo
root:dreambox
acitoolkit:acitoolkit
root:admin
admin:1988
admin:insecure
cirros:cubswin:)
user:user
hunter:hunter
admin:hipchat
root:password
Administrator:p@ssw0rd
osboxes:osboxes.org
admin:pfsense
root:54321
root:openauditrootuserpassword
admin:54321
dasusr1:dasusr1
device:apc
root:qwasyx21
root:vizxv
admin:meinsm
root:alpine
admin:Symbol
student:password123
root:jvbzd
plexuser:rasplex
root:NM1$88
root:5up
mother:fucker
administrator:password
root:cloudera
root:arcsight
root:sixaola
Administrator:Vision2
root:blackarch
netscreen:netscreen
USERID:PASSW0RD
cisco:cisco
maint:password
admin:(none)
user:password
geosolutions:Geos
ftp:video
fwupgrade:fwupgrade
root:freenas
admin:12345
root:osboxes.org
db2fenc1:db2fenc1
root:openelec
enisa:enisa
888888:888888
root:roottoor
root:1234
root:libreelec
root:cxlinux
service:service
admin:pass
root:pass
centos:reverse
root:user
hxeadm:HXEHana1
root:anko
admin:admin
root:ceadmin
root:12345
root:mktt
m202:m202
db2inst1:db2pw
admin:motorola
guest:guest
admin:1111
admin:123456
root:jauntech
root:reverse
root:raspberry
admin:symbol
localadmin:localadmin
root:Zte521
root:video
debian:temppwd
tech:tech
hacker:compass
sconsole:12345
openhabian:openhabian
root:vagrant
root:ubnt
root:debian
root:root01
root:xc3511
admin:smcadmin
supervisor:supervisor
db2inst1:db2pass
root:indigo
root:toor
admin:password
NetLinx:password
myshake:shakeme
demo:fai
pyimagesearch:deeplearning
admin:superuser
root:nosoup4u
root:root
root:rasplex
ubnt:ubnt
root:nas4free
guest:12345
root:klv1234
sansforensics:forensics
debian:sixaola
root:7ujMko0admin
postgres:password
root:rootpasswd
root:ikwb
amx:Amx1234!
c-comatic:xrtwk318
root:screencast
osbash:osbash
root:ys123456
root:default
admin:admin123
admin:admin1234
root:7ujMko0vizxv