root:root
root:admin
root:administrator
root:
root:test
root:passwort
root:0000
root:1234
root:123456
root:12345678
root:toor
administrator:administrator
administrator:admin
administrator:root
administrator:
administrator:test
administrator:passwort
administrator:0000
administrator:1234
administrator:123456
administrator:12345678
admin:admin
admin:
admin:test
admin:passwort
admin:0000
admin:1234
admin:123456
admin:12345678
user:user
user:
user:test
user:passwort
user:0000
user:1234
user:123456
user:12345678
benutzer:benutzer
benutzer:
benutzer:test
benutzer:passwort
benutzer:0000
benutzer:1234
benutzer:123456
benutzer:12345678
besitzer:besitzer
besitzer:
besitzer:test
besitzer:passwort
besitzer:0000
besitzer:1234
besitzer:123456
besitzer:12345678
praktikant:praktikant
praktikant:
praktikant:test
praktikant:passwort
praktikant:0000
praktikant:1234
praktikant:123456
praktikant:12345678
demo:demo
demo:
demo:test
demo:passwort
demo:0000
demo:1234
demo:123456
demo:12345678
testuser:testuser
testuser:
testuser:test
testuser:passwort
testuser:0000
testuser:1234
testuser:123456
testuser:12345678
admin1:admin1
admin1:
admin1:test
admin1:passwort
admin1:0000
admin1:1234
admin1:123456
admin1:12345678
test1:test1
test1:
test1:test
test1:passwort
test1:0000
test1:1234
test1:123456
test1:12345678
user1:user1
user1:
user1:test
user1:passwort
user1:0000
user1:1234
user1:123456
user1:12345678
praktikant1:praktikant1
praktikant1:
praktikant1:test
praktikant1:passwort
praktikant1:0000
praktikant1:1234
praktikant1:123456
praktikant1:12345678
demo1:demo1
demo1:
demo1:test
demo1:passwort
demo1:0000
demo1:1234
demo1:123456
demo1:12345678
testuser1:testuser1
testuser1:
testuser1:test
testuser1:passwort
testuser1:0000
testuser1:1234
testuser1:123456
testuser1:12345678
service:service
service:
service:test
service:passwort
service:0000
service:1234
service:123456
service:12345678
gast:gast
gast:
gast:test
gast:passwort
gast:0000
gast:1234
gast:123456
gast:12345678
backup:backup
backup:
backup:test
backup:passwort
backup:0000
backup:1234
backup:123456
backup:12345678
support:support
support:
support:test
support:passwort
support:0000
support:1234
support:123456
support:12345678
test:test
ftp:ftp
ftp:test
ftpuser:ftp
ftpuser:test
ftpuser:ftpuser
postgres:postgres
postgres:admin
postgres:password
vagrant:vagrant
pi:raspberry