root:root
root:admin
root:administrator
root:
root:test
root:password
root:0000
root:1234
root:123456
root:12345678
root:toor
administrator:administrator
administrator:admin
administrator:root
administrator:
administrator:test
administrator:password
administrator:0000
administrator:1234
administrator:123456
administrator:12345678
admin:admin
admin:
admin:test
admin:password
admin:0000
admin:1234
admin:123456
admin:12345678
user:user
user:
user:test
user:password
user:0000
user:1234
user:123456
user:12345678
owner:owner
owner:
owner:test
owner:password
owner:0000
owner:1234
owner:123456
owner:12345678
trainee:trainee
trainee:
trainee:test
trainee:password
trainee:0000
trainee:1234
trainee:123456
trainee:12345678
demo:demo
demo:
demo:test
demo:password
demo:0000
demo:1234
demo:123456
demo:12345678
testuser:testuser
testuser:
testuser:test
testuser:password
testuser:0000
testuser:1234
testuser:123456
testuser:12345678
admin1:admin1
admin1:
admin1:test
admin1:password
admin1:0000
admin1:1234
admin1:123456
admin1:12345678
test1:test1
test1:
test1:test
test1:password
test1:0000
test1:1234
test1:123456
test1:12345678
user1:user1
user1:
user1:test
user1:password
user1:0000
user1:1234
user1:123456
user1:12345678
trainee1:trainee1
trainee1:
trainee1:test
trainee1:password
trainee1:0000
trainee1:1234
trainee1:123456
trainee1:12345678
demo1:demo1
demo1:
demo1:test
demo1:password
demo1:0000
demo1:1234
demo1:123456
demo1:12345678
testuser1:testuser1
testuser1:
testuser1:test
testuser1:password
testuser1:0000
testuser1:1234
testuser1:123456
testuser1:12345678
service:service
service:
service:test
service:password
service:0000
service:1234
service:123456
service:12345678
guest:guest
guest:
guest:test
guest:password
guest:0000
guest:1234
guest:123456
guest:12345678
backup:backup
backup:
backup:test
backup:password
backup:0000
backup:1234
backup:123456
backup:12345678
support:support
support:
support:test
support:password
support:0000
support:1234
support:123456
support:12345678
test:test
ftp:ftp
ftp:test
ftpuser:ftp
ftpuser:test
ftpuser:ftpuser
postgres:postgres
postgres:admin
postgres:password
vagrant:vagrant
pi:raspberry